// Jest Snapshot v1, https://goo.gl/fbAQLP

exports[`renders snapshot correctly 1`] = `
<div
  className="nano-container"
>
  <h2
    className="map-header text-left"
  >
    Past Transactions
  </h2>
  <table
    className="table"
  >
    <thead>
      <tr>
        <th
          scope="col"
        >
          Origin
        </th>
        <th
          scope="col"
        >
          Destination
        </th>
        <th
          scope="col"
        >
          Amount
        </th>
        <th
          scope="col"
        >
          Elapsed Time
        </th>
        <th
          scope="col"
        >
          Date
        </th>
        <th
          className="block-col"
          scope="col"
        >
          Sending Block
        </th>
        <th
          className="block-col"
          scope="col"
        >
          Receiving Block
        </th>
      </tr>
    </thead>
    <tbody />
  </table>
  <div
    className="row"
  >
    <div
      className="col-sm-auto"
    >
      Showing 
      1
       to 
      0
       of 
      0
       transactions.
    </div>
    <div
      className="col-sm-auto"
    >
      <nav
        aria-label="Table navigation"
      >
        <ul
          className="pagination"
        >
          <li
            className="page-item disabled"
          >
            <button
              className="page-link"
              onClick={[Function]}
            >
              Prev
            </button>
          </li>
          <li
            className="page-item disabled"
          >
            <button
              className="page-link"
              onClick={[Function]}
            >
              Next
            </button>
          </li>
        </ul>
      </nav>
    </div>
  </div>
</div>
`;
