// Jest Snapshot v1, https://goo.gl/fbAQLP

exports[`renders snapshot correctly when activeTab is '' 1`] = `
<div
  className="container"
>
  <div
    className="jumbotron"
  >
    <div
      id="ad-content"
    >
      <a
        className="row"
        href="https://nano21.net"
      >
        <b>
          ♠ Nano21.net 
        </b>
          | 20 Nano Give-Away for testers! | Nano Blackjack Casino
      </a>
      <p
        className="row"
      >
        COMMUNITY AD
      </p>
    </div>
  </div>
</div>
`;
