// Jest Snapshot v1, https://goo.gl/fbAQLP

exports[`renders snapshot correctly 1`] = `
<div
  className="MoreInfoPage"
>
  <div
    className="nav nav-tabs"
  >
    <li
      className="nav-item"
    >
      <a
        className="nav-link "
        href="/"
        onClick={[Function]}
      >
         
        Speed Test
         
      </a>
    </li>
    <li
      className="nav-item"
    >
      <a
        className="nav-link "
        href="/Stats"
        onClick={[Function]}
      >
         
        Statistics
         
      </a>
    </li>
    <li
      className="nav-item"
    >
      <a
        className="nav-link active"
        href="/Info"
        onClick={[Function]}
      >
         
        More Info
         
      </a>
    </li>
  </div>
  <div
    className="container"
  >
    <div
      className="jumbotron"
    >
      <div
        id="ad-content"
      >
        <a
          className="row"
          href="https://nano21.net"
        >
          <b>
            ♠ Nano21.net 
          </b>
            | 20 Nano Give-Away for testers! | Nano Blackjack Casino
        </a>
        <p
          className="row"
        >
          COMMUNITY AD
        </p>
      </div>
    </div>
  </div>
  <div
    className="container"
  >
    <h1
      className="page-header text-center"
    >
      More Info Page
    </h1>
    <h2>
      We are talking with the Nano Team about what information they would like us to display here. Most likely this will be a number of links to their site or additional information about how to get involved in the Nano community.
    </h2>
  </div>
</div>
`;
