// Jest Snapshot v1, https://goo.gl/fbAQLP

exports[`renders snapshot correctly 1`] = `
<div
  className="MoreInfoPage"
>
  <div
    className="nav nav-tabs"
  >
    <li
      className="nav-item"
    >
      <a
        className="nav-link "
        href="/"
        onClick={[Function]}
      >
         
        Speed Test
         
      </a>
    </li>
    <li
      className="nav-item"
    >
      <a
        className="nav-link "
        href="/Results"
        onClick={[Function]}
      >
         
        Your Results
         
      </a>
    </li>
    <li
      className="nav-item"
    >
      <a
        className="nav-link "
        href="/Stats"
        onClick={[Function]}
      >
         
        Global Statistics
         
      </a>
    </li>
    <li
      className="nav-item"
    >
      <a
        className="nav-link active"
        href="/Info"
        onClick={[Function]}
      >
         
        More Info
         
      </a>
    </li>
  </div>
  <div
    className="container"
  >
    <div
      className="jumbotron"
    >
      <div
        id="ad-content"
      >
        <a
          className="row"
          href="https://nano21.net"
        >
          <b>
            ♠ Nano21.net 
          </b>
            | 20 Nano Give-Away for testers! | Nano Blackjack Casino
        </a>
        <p
          className="row"
        >
          COMMUNITY AD
        </p>
      </div>
    </div>
  </div>
  <div
    className="container"
  >
    <h2
      className="page-header text-center"
    >
      What’s 
      <a
        href="https://nano.org"
        rel="noopener noreferrer"
        target="_blank"
      >
        Nano
      </a>
      ?
    </h2>
    <div>
      Created in 2015, Nano is a digital currency focuses on fast transaction speeds, no fees and high throughput. Unlike traditional cryptocurrencies which use a single network-wide blockchain, Nano utilizes a unique block-lattice design, in which each account has its own blockchain.
      <p />
      Nano is built for efficiency. The network utilizes minimal resources, resulting in the fastest transactions of any currency, while not sacrificing security. Lightweight, optimized nodes are run throughout the world to confirm transactions and require no mining, making Nano perfect for everyday transactions, no matter how large or small.
    </div>
    <h3
      className="page-header text-center"
    >
      How To Get Started
    </h3>
    <div>
      <a
        href="https://nanolinks.info/"
        rel="noopener noreferrer"
        target="_blank"
      >
        https://nanolinks.info/ 
      </a>
      has information about the project.
    </div>
    <h3
      className="page-header text-center"
    >
      Let’s Get Social
    </h3>
    <div>
      Nano has one of the largest and most active communities of any cryptocurrency. If you’d like to get involved with the project or simply learn more, please join us on any of our multiple platforms.
    </div>
    <ul>
      <li>
        <a
          href="https://www.reddit.com/r/nanocurrency/"
          rel="noopener noreferrer"
          target="_blank"
        >
          Reddit
        </a>
         
      </li>
      <li>
        <a
          href="https://discordapp.com/invite/JphbBas"
          rel="noopener noreferrer"
          target="_blank"
        >
          Discord Main
        </a>
         
      </li>
      <li>
        <a
          href="https://discordapp.com/invite/RT4wzGV"
          rel="noopener noreferrer"
          target="_blank"
        >
          Discord Trade
        </a>
         
      </li>
      <li>
        <a
          href="https://twitter.com/nano"
          rel="noopener noreferrer"
          target="_blank"
        >
          Twitter
        </a>
         
      </li>
      <li>
        <a
          href="https://www.facebook.com/nanofoundation/"
          rel="noopener noreferrer"
          target="_blank"
        >
          Facebook
        </a>
         
      </li>
      <li>
        <a
          href="https://www.linkedin.com/company/nano-foundation/"
          rel="noopener noreferrer"
          target="_blank"
        >
          LinkedIn
        </a>
         
      </li>
    </ul>
  </div>
</div>
`;
